Archive member included to satisfy reference by file (symbol)

c:/program files (x86)/atmel/studio/7.0/toolchain/avr8/avr8-gnu-toolchain/bin/../lib/gcc/avr/5.4.0/../../../../avr/lib/avr5\libm.a(divsf3.o)
                              HAL/LM35/LM35.o (__divsf3)
c:/program files (x86)/atmel/studio/7.0/toolchain/avr8/avr8-gnu-toolchain/bin/../lib/gcc/avr/5.4.0/../../../../avr/lib/avr5\libm.a(divsf3x.o)
                              c:/program files (x86)/atmel/studio/7.0/toolchain/avr8/avr8-gnu-toolchain/bin/../lib/gcc/avr/5.4.0/../../../../avr/lib/avr5\libm.a(divsf3.o) (__divsf3x)
c:/program files (x86)/atmel/studio/7.0/toolchain/avr8/avr8-gnu-toolchain/bin/../lib/gcc/avr/5.4.0/../../../../avr/lib/avr5\libm.a(fixunssfsi.o)
                              HAL/LM35/LM35.o (__fixunssfsi)
c:/program files (x86)/atmel/studio/7.0/toolchain/avr8/avr8-gnu-toolchain/bin/../lib/gcc/avr/5.4.0/../../../../avr/lib/avr5\libm.a(floatsisf.o)
                              HAL/LM35/LM35.o (__floatsisf)
c:/program files (x86)/atmel/studio/7.0/toolchain/avr8/avr8-gnu-toolchain/bin/../lib/gcc/avr/5.4.0/../../../../avr/lib/avr5\libm.a(fp_inf.o)
                              c:/program files (x86)/atmel/studio/7.0/toolchain/avr8/avr8-gnu-toolchain/bin/../lib/gcc/avr/5.4.0/../../../../avr/lib/avr5\libm.a(divsf3x.o) (__fp_inf)
c:/program files (x86)/atmel/studio/7.0/toolchain/avr8/avr8-gnu-toolchain/bin/../lib/gcc/avr/5.4.0/../../../../avr/lib/avr5\libm.a(fp_nan.o)
                              c:/program files (x86)/atmel/studio/7.0/toolchain/avr8/avr8-gnu-toolchain/bin/../lib/gcc/avr/5.4.0/../../../../avr/lib/avr5\libm.a(divsf3x.o) (__fp_nan)
c:/program files (x86)/atmel/studio/7.0/toolchain/avr8/avr8-gnu-toolchain/bin/../lib/gcc/avr/5.4.0/../../../../avr/lib/avr5\libm.a(fp_pscA.o)
                              c:/program files (x86)/atmel/studio/7.0/toolchain/avr8/avr8-gnu-toolchain/bin/../lib/gcc/avr/5.4.0/../../../../avr/lib/avr5\libm.a(divsf3x.o) (__fp_pscA)
c:/program files (x86)/atmel/studio/7.0/toolchain/avr8/avr8-gnu-toolchain/bin/../lib/gcc/avr/5.4.0/../../../../avr/lib/avr5\libm.a(fp_pscB.o)
                              c:/program files (x86)/atmel/studio/7.0/toolchain/avr8/avr8-gnu-toolchain/bin/../lib/gcc/avr/5.4.0/../../../../avr/lib/avr5\libm.a(divsf3x.o) (__fp_pscB)
c:/program files (x86)/atmel/studio/7.0/toolchain/avr8/avr8-gnu-toolchain/bin/../lib/gcc/avr/5.4.0/../../../../avr/lib/avr5\libm.a(fp_round.o)
                              c:/program files (x86)/atmel/studio/7.0/toolchain/avr8/avr8-gnu-toolchain/bin/../lib/gcc/avr/5.4.0/../../../../avr/lib/avr5\libm.a(divsf3.o) (__fp_round)
c:/program files (x86)/atmel/studio/7.0/toolchain/avr8/avr8-gnu-toolchain/bin/../lib/gcc/avr/5.4.0/../../../../avr/lib/avr5\libm.a(fp_split3.o)
                              c:/program files (x86)/atmel/studio/7.0/toolchain/avr8/avr8-gnu-toolchain/bin/../lib/gcc/avr/5.4.0/../../../../avr/lib/avr5\libm.a(divsf3x.o) (__fp_split3)
c:/program files (x86)/atmel/studio/7.0/toolchain/avr8/avr8-gnu-toolchain/bin/../lib/gcc/avr/5.4.0/../../../../avr/lib/avr5\libm.a(fp_zero.o)
                              c:/program files (x86)/atmel/studio/7.0/toolchain/avr8/avr8-gnu-toolchain/bin/../lib/gcc/avr/5.4.0/../../../../avr/lib/avr5\libm.a(fixunssfsi.o) (__fp_zero)
c:/program files (x86)/atmel/studio/7.0/toolchain/avr8/avr8-gnu-toolchain/bin/../lib/gcc/avr/5.4.0/../../../../avr/lib/avr5\libm.a(mulsf3.o)
                              HAL/LM35/LM35.o (__mulsf3)
c:/program files (x86)/atmel/studio/7.0/toolchain/avr8/avr8-gnu-toolchain/bin/../lib/gcc/avr/5.4.0/../../../../avr/lib/avr5\libm.a(mulsf3x.o)
                              c:/program files (x86)/atmel/studio/7.0/toolchain/avr8/avr8-gnu-toolchain/bin/../lib/gcc/avr/5.4.0/../../../../avr/lib/avr5\libm.a(mulsf3.o) (__mulsf3x)
c:/program files (x86)/atmel/studio/7.0/toolchain/avr8/avr8-gnu-toolchain/bin/../lib/gcc/avr/5.4.0/avr5\libgcc.a(_udivmodsi4.o)
                              MCAL/Timer2/Timer2.o (__udivmodsi4)
c:/program files (x86)/atmel/studio/7.0/toolchain/avr8/avr8-gnu-toolchain/bin/../lib/gcc/avr/5.4.0/avr5\libgcc.a(_exit.o)
                              C:/Program Files (x86)/Atmel/Studio/7.0/Packs/atmel/ATmega_DFP/1.7.374/gcc/dev/atmega32/avr5/crtatmega32.o (exit)
c:/program files (x86)/atmel/studio/7.0/toolchain/avr8/avr8-gnu-toolchain/bin/../lib/gcc/avr/5.4.0/avr5\libgcc.a(_copy_data.o)
                              HAL/SSD/SSD.o (__do_copy_data)
c:/program files (x86)/atmel/studio/7.0/toolchain/avr8/avr8-gnu-toolchain/bin/../lib/gcc/avr/5.4.0/avr5\libgcc.a(_clear_bss.o)
                              APP/main.o (__do_clear_bss)
c:/program files (x86)/atmel/studio/7.0/toolchain/avr8/avr8-gnu-toolchain/bin/../lib/gcc/avr/5.4.0/avr5\libgcc.a(_umulhisi3.o)
                              APP/System/System.o (__umulhisi3)
c:/program files (x86)/atmel/studio/7.0/toolchain/avr8/avr8-gnu-toolchain/bin/../lib/gcc/avr/5.4.0/avr5\libgcc.a(_muluhisi3.o)
                              MCAL/Timer2/Timer2.o (__muluhisi3)

Allocating common symbols
Common symbol       size              file

Toggle_Flag         0x2               APP/main.o
Temp_Measure_Flag   0x1               APP/main.o
Avg_Temp            0x2               APP/System/System.o
Current_state       0x1               APP/main.o
Temp_arr            0x14              APP/System/System.o
Array_count         0x2               APP/System/System.o
CallBack            0x2               MCAL/EXT_INT/EXT_INT.o
Setting_Count       0x1               APP/main.o
Desired_Temp        0x2               APP/main.o
CallBack_Timer0     0x2               MCAL/Timer0/Timer0.o
Temp_Measure_Count  0x1               APP/System/System.o
CallBack_Timer2     0x2               MCAL/Timer2/Timer2.o
Actual_Temp         0x2               APP/System/System.o

Discarded input sections

 .data          0x00000000        0x0 C:/Program Files (x86)/Atmel/Studio/7.0/Packs/atmel/ATmega_DFP/1.7.374/gcc/dev/atmega32/avr5/crtatmega32.o
 .bss           0x00000000        0x0 C:/Program Files (x86)/Atmel/Studio/7.0/Packs/atmel/ATmega_DFP/1.7.374/gcc/dev/atmega32/avr5/crtatmega32.o
 .text          0x00000000        0x0 APP/main.o
 .data          0x00000000        0x0 APP/main.o
 .bss           0x00000000        0x0 APP/main.o
 .text          0x00000000        0x0 APP/System/System.o
 .data          0x00000000        0x0 APP/System/System.o
 .bss           0x00000000        0x0 APP/System/System.o
 .text          0x00000000        0x0 HAL/Cooler/Cooler.o
 .data          0x00000000        0x0 HAL/Cooler/Cooler.o
 .bss           0x00000000        0x0 HAL/Cooler/Cooler.o
 .text          0x00000000        0x0 HAL/Down_BTN/Down_BTN.o
 .data          0x00000000        0x0 HAL/Down_BTN/Down_BTN.o
 .bss           0x00000000        0x0 HAL/Down_BTN/Down_BTN.o
 .text          0x00000000        0x0 HAL/Heater/Heater.o
 .data          0x00000000        0x0 HAL/Heater/Heater.o
 .bss           0x00000000        0x0 HAL/Heater/Heater.o
 .text          0x00000000        0x0 HAL/LED/LED.o
 .data          0x00000000        0x0 HAL/LED/LED.o
 .bss           0x00000000        0x0 HAL/LED/LED.o
 .text.H_LED_TOGGLE
                0x00000000        0xa HAL/LED/LED.o
 .text.H_LED_BLinkOnce
                0x00000000       0x16 HAL/LED/LED.o
 .text.H_LED_BLinkTwice
                0x00000000       0x16 HAL/LED/LED.o
 .text          0x00000000        0x0 HAL/LM35/LM35.o
 .data          0x00000000        0x0 HAL/LM35/LM35.o
 .bss           0x00000000        0x0 HAL/LM35/LM35.o
 .text          0x00000000        0x0 HAL/SSD/SSD.o
 .data          0x00000000        0x0 HAL/SSD/SSD.o
 .bss           0x00000000        0x0 HAL/SSD/SSD.o
 .text          0x00000000        0x0 HAL/UP_BTN/UP_BTN.o
 .data          0x00000000        0x0 HAL/UP_BTN/UP_BTN.o
 .bss           0x00000000        0x0 HAL/UP_BTN/UP_BTN.o
 .text          0x00000000        0x0 MCAL/ADC/ADC.o
 .data          0x00000000        0x0 MCAL/ADC/ADC.o
 .bss           0x00000000        0x0 MCAL/ADC/ADC.o
 .text          0x00000000        0x0 MCAL/DIO/DIO.o
 .data          0x00000000        0x0 MCAL/DIO/DIO.o
 .bss           0x00000000        0x0 MCAL/DIO/DIO.o
 .text.M_Dio_TogglePin_state
                0x00000000       0x68 MCAL/DIO/DIO.o
 .text.M_Dio_ActivatePin_PUllUP
                0x00000000       0x68 MCAL/DIO/DIO.o
 .text.M_Dio_SetPort_Direction
                0x00000000       0x52 MCAL/DIO/DIO.o
 .text.M_Dio_SetPort_State
                0x00000000       0x52 MCAL/DIO/DIO.o
 .text.M_Dio_TogglePort_state
                0x00000000       0x30 MCAL/DIO/DIO.o
 .text.M_Dio_ReadPort_State
                0x00000000       0x24 MCAL/DIO/DIO.o
 .text.M_Dio_ActivatePort_PUllUP
                0x00000000       0x28 MCAL/DIO/DIO.o
 .text          0x00000000        0x0 MCAL/EEPROM/EEPROM.o
 .data          0x00000000        0x0 MCAL/EEPROM/EEPROM.o
 .bss           0x00000000        0x0 MCAL/EEPROM/EEPROM.o
 .text          0x00000000        0x0 MCAL/EXT_INT/EXT_INT.o
 .data          0x00000000        0x0 MCAL/EXT_INT/EXT_INT.o
 .bss           0x00000000        0x0 MCAL/EXT_INT/EXT_INT.o
 .text          0x00000000        0x0 MCAL/Timer2/Timer2.o
 .data          0x00000000        0x0 MCAL/Timer2/Timer2.o
 .bss           0x00000000        0x0 MCAL/Timer2/Timer2.o
 .text.M_Timer2_Stop
                0x00000000       0x14 MCAL/Timer2/Timer2.o
 .bss.Global_u8_Timer2_RemainderTicks
                0x00000000        0x1 MCAL/Timer2/Timer2.o
 .bss.Global_u32_Timer2_NumerOverflows
                0x00000000        0x4 MCAL/Timer2/Timer2.o
 .text          0x00000000        0x0 MCAL/Timer0/Timer0.o
 .data          0x00000000        0x0 MCAL/Timer0/Timer0.o
 .bss           0x00000000        0x0 MCAL/Timer0/Timer0.o
 .text.M_Timer0_Stop
                0x00000000       0x14 MCAL/Timer0/Timer0.o
 .bss.Global_u8_Timer0_RemainderTicks
                0x00000000        0x1 MCAL/Timer0/Timer0.o
 .bss.Global_u32_Timer0_NumerOverflows
                0x00000000        0x4 MCAL/Timer0/Timer0.o
 .text          0x00000000        0x0 c:/program files (x86)/atmel/studio/7.0/toolchain/avr8/avr8-gnu-toolchain/bin/../lib/gcc/avr/5.4.0/../../../../avr/lib/avr5\libm.a(divsf3.o)
 .data          0x00000000        0x0 c:/program files (x86)/atmel/studio/7.0/toolchain/avr8/avr8-gnu-toolchain/bin/../lib/gcc/avr/5.4.0/../../../../avr/lib/avr5\libm.a(divsf3.o)
 .bss           0x00000000        0x0 c:/program files (x86)/atmel/studio/7.0/toolchain/avr8/avr8-gnu-toolchain/bin/../lib/gcc/avr/5.4.0/../../../../avr/lib/avr5\libm.a(divsf3.o)
 .text          0x00000000        0x0 c:/program files (x86)/atmel/studio/7.0/toolchain/avr8/avr8-gnu-toolchain/bin/../lib/gcc/avr/5.4.0/../../../../avr/lib/avr5\libm.a(divsf3x.o)
 .data          0x00000000        0x0 c:/program files (x86)/atmel/studio/7.0/toolchain/avr8/avr8-gnu-toolchain/bin/../lib/gcc/avr/5.4.0/../../../../avr/lib/avr5\libm.a(divsf3x.o)
 .bss           0x00000000        0x0 c:/program files (x86)/atmel/studio/7.0/toolchain/avr8/avr8-gnu-toolchain/bin/../lib/gcc/avr/5.4.0/../../../../avr/lib/avr5\libm.a(divsf3x.o)
 .text          0x00000000        0x0 c:/program files (x86)/atmel/studio/7.0/toolchain/avr8/avr8-gnu-toolchain/bin/../lib/gcc/avr/5.4.0/../../../../avr/lib/avr5\libm.a(fixunssfsi.o)
 .data          0x00000000        0x0 c:/program files (x86)/atmel/studio/7.0/toolchain/avr8/avr8-gnu-toolchain/bin/../lib/gcc/avr/5.4.0/../../../../avr/lib/avr5\libm.a(fixunssfsi.o)
 .bss           0x00000000        0x0 c:/program files (x86)/atmel/studio/7.0/toolchain/avr8/avr8-gnu-toolchain/bin/../lib/gcc/avr/5.4.0/../../../../avr/lib/avr5\libm.a(fixunssfsi.o)
 .text          0x00000000        0x0 c:/program files (x86)/atmel/studio/7.0/toolchain/avr8/avr8-gnu-toolchain/bin/../lib/gcc/avr/5.4.0/../../../../avr/lib/avr5\libm.a(floatsisf.o)
 .data          0x00000000        0x0 c:/program files (x86)/atmel/studio/7.0/toolchain/avr8/avr8-gnu-toolchain/bin/../lib/gcc/avr/5.4.0/../../../../avr/lib/avr5\libm.a(floatsisf.o)
 .bss           0x00000000        0x0 c:/program files (x86)/atmel/studio/7.0/toolchain/avr8/avr8-gnu-toolchain/bin/../lib/gcc/avr/5.4.0/../../../../avr/lib/avr5\libm.a(floatsisf.o)
 .text          0x00000000        0x0 c:/program files (x86)/atmel/studio/7.0/toolchain/avr8/avr8-gnu-toolchain/bin/../lib/gcc/avr/5.4.0/../../../../avr/lib/avr5\libm.a(fp_inf.o)
 .data          0x00000000        0x0 c:/program files (x86)/atmel/studio/7.0/toolchain/avr8/avr8-gnu-toolchain/bin/../lib/gcc/avr/5.4.0/../../../../avr/lib/avr5\libm.a(fp_inf.o)
 .bss           0x00000000        0x0 c:/program files (x86)/atmel/studio/7.0/toolchain/avr8/avr8-gnu-toolchain/bin/../lib/gcc/avr/5.4.0/../../../../avr/lib/avr5\libm.a(fp_inf.o)
 .text          0x00000000        0x0 c:/program files (x86)/atmel/studio/7.0/toolchain/avr8/avr8-gnu-toolchain/bin/../lib/gcc/avr/5.4.0/../../../../avr/lib/avr5\libm.a(fp_nan.o)
 .data          0x00000000        0x0 c:/program files (x86)/atmel/studio/7.0/toolchain/avr8/avr8-gnu-toolchain/bin/../lib/gcc/avr/5.4.0/../../../../avr/lib/avr5\libm.a(fp_nan.o)
 .bss           0x00000000        0x0 c:/program files (x86)/atmel/studio/7.0/toolchain/avr8/avr8-gnu-toolchain/bin/../lib/gcc/avr/5.4.0/../../../../avr/lib/avr5\libm.a(fp_nan.o)
 .text          0x00000000        0x0 c:/program files (x86)/atmel/studio/7.0/toolchain/avr8/avr8-gnu-toolchain/bin/../lib/gcc/avr/5.4.0/../../../../avr/lib/avr5\libm.a(fp_pscA.o)
 .data          0x00000000        0x0 c:/program files (x86)/atmel/studio/7.0/toolchain/avr8/avr8-gnu-toolchain/bin/../lib/gcc/avr/5.4.0/../../../../avr/lib/avr5\libm.a(fp_pscA.o)
 .bss           0x00000000        0x0 c:/program files (x86)/atmel/studio/7.0/toolchain/avr8/avr8-gnu-toolchain/bin/../lib/gcc/avr/5.4.0/../../../../avr/lib/avr5\libm.a(fp_pscA.o)
 .text          0x00000000        0x0 c:/program files (x86)/atmel/studio/7.0/toolchain/avr8/avr8-gnu-toolchain/bin/../lib/gcc/avr/5.4.0/../../../../avr/lib/avr5\libm.a(fp_pscB.o)
 .data          0x00000000        0x0 c:/program files (x86)/atmel/studio/7.0/toolchain/avr8/avr8-gnu-toolchain/bin/../lib/gcc/avr/5.4.0/../../../../avr/lib/avr5\libm.a(fp_pscB.o)
 .bss           0x00000000        0x0 c:/program files (x86)/atmel/studio/7.0/toolchain/avr8/avr8-gnu-toolchain/bin/../lib/gcc/avr/5.4.0/../../../../avr/lib/avr5\libm.a(fp_pscB.o)
 .text          0x00000000        0x0 c:/program files (x86)/atmel/studio/7.0/toolchain/avr8/avr8-gnu-toolchain/bin/../lib/gcc/avr/5.4.0/../../../../avr/lib/avr5\libm.a(fp_round.o)
 .data          0x00000000        0x0 c:/program files (x86)/atmel/studio/7.0/toolchain/avr8/avr8-gnu-toolchain/bin/../lib/gcc/avr/5.4.0/../../../../avr/lib/avr5\libm.a(fp_round.o)
 .bss           0x00000000        0x0 c:/program files (x86)/atmel/studio/7.0/toolchain/avr8/avr8-gnu-toolchain/bin/../lib/gcc/avr/5.4.0/../../../../avr/lib/avr5\libm.a(fp_round.o)
 .text          0x00000000        0x0 c:/program files (x86)/atmel/studio/7.0/toolchain/avr8/avr8-gnu-toolchain/bin/../lib/gcc/avr/5.4.0/../../../../avr/lib/avr5\libm.a(fp_split3.o)
 .data          0x00000000        0x0 c:/program files (x86)/atmel/studio/7.0/toolchain/avr8/avr8-gnu-toolchain/bin/../lib/gcc/avr/5.4.0/../../../../avr/lib/avr5\libm.a(fp_split3.o)
 .bss           0x00000000        0x0 c:/program files (x86)/atmel/studio/7.0/toolchain/avr8/avr8-gnu-toolchain/bin/../lib/gcc/avr/5.4.0/../../../../avr/lib/avr5\libm.a(fp_split3.o)
 .text          0x00000000        0x0 c:/program files (x86)/atmel/studio/7.0/toolchain/avr8/avr8-gnu-toolchain/bin/../lib/gcc/avr/5.4.0/../../../../avr/lib/avr5\libm.a(fp_zero.o)
 .data          0x00000000        0x0 c:/program files (x86)/atmel/studio/7.0/toolchain/avr8/avr8-gnu-toolchain/bin/../lib/gcc/avr/5.4.0/../../../../avr/lib/avr5\libm.a(fp_zero.o)
 .bss           0x00000000        0x0 c:/program files (x86)/atmel/studio/7.0/toolchain/avr8/avr8-gnu-toolchain/bin/../lib/gcc/avr/5.4.0/../../../../avr/lib/avr5\libm.a(fp_zero.o)
 .text          0x00000000        0x0 c:/program files (x86)/atmel/studio/7.0/toolchain/avr8/avr8-gnu-toolchain/bin/../lib/gcc/avr/5.4.0/../../../../avr/lib/avr5\libm.a(mulsf3.o)
 .data          0x00000000        0x0 c:/program files (x86)/atmel/studio/7.0/toolchain/avr8/avr8-gnu-toolchain/bin/../lib/gcc/avr/5.4.0/../../../../avr/lib/avr5\libm.a(mulsf3.o)
 .bss           0x00000000        0x0 c:/program files (x86)/atmel/studio/7.0/toolchain/avr8/avr8-gnu-toolchain/bin/../lib/gcc/avr/5.4.0/../../../../avr/lib/avr5\libm.a(mulsf3.o)
 .text          0x00000000        0x0 c:/program files (x86)/atmel/studio/7.0/toolchain/avr8/avr8-gnu-toolchain/bin/../lib/gcc/avr/5.4.0/../../../../avr/lib/avr5\libm.a(mulsf3x.o)
 .data          0x00000000        0x0 c:/program files (x86)/atmel/studio/7.0/toolchain/avr8/avr8-gnu-toolchain/bin/../lib/gcc/avr/5.4.0/../../../../avr/lib/avr5\libm.a(mulsf3x.o)
 .bss           0x00000000        0x0 c:/program files (x86)/atmel/studio/7.0/toolchain/avr8/avr8-gnu-toolchain/bin/../lib/gcc/avr/5.4.0/../../../../avr/lib/avr5\libm.a(mulsf3x.o)
 .text          0x00000000        0x0 c:/program files (x86)/atmel/studio/7.0/toolchain/avr8/avr8-gnu-toolchain/bin/../lib/gcc/avr/5.4.0/avr5\libgcc.a(_udivmodsi4.o)
 .data          0x00000000        0x0 c:/program files (x86)/atmel/studio/7.0/toolchain/avr8/avr8-gnu-toolchain/bin/../lib/gcc/avr/5.4.0/avr5\libgcc.a(_udivmodsi4.o)
 .bss           0x00000000        0x0 c:/program files (x86)/atmel/studio/7.0/toolchain/avr8/avr8-gnu-toolchain/bin/../lib/gcc/avr/5.4.0/avr5\libgcc.a(_udivmodsi4.o)
 .text.libgcc.mul
                0x00000000        0x0 c:/program files (x86)/atmel/studio/7.0/toolchain/avr8/avr8-gnu-toolchain/bin/../lib/gcc/avr/5.4.0/avr5\libgcc.a(_udivmodsi4.o)
 .text.libgcc   0x00000000        0x0 c:/program files (x86)/atmel/studio/7.0/toolchain/avr8/avr8-gnu-toolchain/bin/../lib/gcc/avr/5.4.0/avr5\libgcc.a(_udivmodsi4.o)
 .text.libgcc.prologue
                0x00000000        0x0 c:/program files (x86)/atmel/studio/7.0/toolchain/avr8/avr8-gnu-toolchain/bin/../lib/gcc/avr/5.4.0/avr5\libgcc.a(_udivmodsi4.o)
 .text.libgcc.builtins
                0x00000000        0x0 c:/program files (x86)/atmel/studio/7.0/toolchain/avr8/avr8-gnu-toolchain/bin/../lib/gcc/avr/5.4.0/avr5\libgcc.a(_udivmodsi4.o)
 .text.libgcc.fmul
                0x00000000        0x0 c:/program files (x86)/atmel/studio/7.0/toolchain/avr8/avr8-gnu-toolchain/bin/../lib/gcc/avr/5.4.0/avr5\libgcc.a(_udivmodsi4.o)
 .text.libgcc.fixed
                0x00000000        0x0 c:/program files (x86)/atmel/studio/7.0/toolchain/avr8/avr8-gnu-toolchain/bin/../lib/gcc/avr/5.4.0/avr5\libgcc.a(_udivmodsi4.o)
 .text          0x00000000        0x0 c:/program files (x86)/atmel/studio/7.0/toolchain/avr8/avr8-gnu-toolchain/bin/../lib/gcc/avr/5.4.0/avr5\libgcc.a(_exit.o)
 .data          0x00000000        0x0 c:/program files (x86)/atmel/studio/7.0/toolchain/avr8/avr8-gnu-toolchain/bin/../lib/gcc/avr/5.4.0/avr5\libgcc.a(_exit.o)
 .bss           0x00000000        0x0 c:/program files (x86)/atmel/studio/7.0/toolchain/avr8/avr8-gnu-toolchain/bin/../lib/gcc/avr/5.4.0/avr5\libgcc.a(_exit.o)
 .text.libgcc.mul
                0x00000000        0x0 c:/program files (x86)/atmel/studio/7.0/toolchain/avr8/avr8-gnu-toolchain/bin/../lib/gcc/avr/5.4.0/avr5\libgcc.a(_exit.o)
 .text.libgcc.div
                0x00000000        0x0 c:/program files (x86)/atmel/studio/7.0/toolchain/avr8/avr8-gnu-toolchain/bin/../lib/gcc/avr/5.4.0/avr5\libgcc.a(_exit.o)
 .text.libgcc   0x00000000        0x0 c:/program files (x86)/atmel/studio/7.0/toolchain/avr8/avr8-gnu-toolchain/bin/../lib/gcc/avr/5.4.0/avr5\libgcc.a(_exit.o)
 .text.libgcc.prologue
                0x00000000        0x0 c:/program files (x86)/atmel/studio/7.0/toolchain/avr8/avr8-gnu-toolchain/bin/../lib/gcc/avr/5.4.0/avr5\libgcc.a(_exit.o)
 .text.libgcc.builtins
                0x00000000        0x0 c:/program files (x86)/atmel/studio/7.0/toolchain/avr8/avr8-gnu-toolchain/bin/../lib/gcc/avr/5.4.0/avr5\libgcc.a(_exit.o)
 .text.libgcc.fmul
                0x00000000        0x0 c:/program files (x86)/atmel/studio/7.0/toolchain/avr8/avr8-gnu-toolchain/bin/../lib/gcc/avr/5.4.0/avr5\libgcc.a(_exit.o)
 .text.libgcc.fixed
                0x00000000        0x0 c:/program files (x86)/atmel/studio/7.0/toolchain/avr8/avr8-gnu-toolchain/bin/../lib/gcc/avr/5.4.0/avr5\libgcc.a(_exit.o)
 .text          0x00000000        0x0 c:/program files (x86)/atmel/studio/7.0/toolchain/avr8/avr8-gnu-toolchain/bin/../lib/gcc/avr/5.4.0/avr5\libgcc.a(_copy_data.o)
 .data          0x00000000        0x0 c:/program files (x86)/atmel/studio/7.0/toolchain/avr8/avr8-gnu-toolchain/bin/../lib/gcc/avr/5.4.0/avr5\libgcc.a(_copy_data.o)
 .bss           0x00000000        0x0 c:/program files (x86)/atmel/studio/7.0/toolchain/avr8/avr8-gnu-toolchain/bin/../lib/gcc/avr/5.4.0/avr5\libgcc.a(_copy_data.o)
 .text.libgcc.mul
                0x00000000        0x0 c:/program files (x86)/atmel/studio/7.0/toolchain/avr8/avr8-gnu-toolchain/bin/../lib/gcc/avr/5.4.0/avr5\libgcc.a(_copy_data.o)
 .text.libgcc.div
                0x00000000        0x0 c:/program files (x86)/atmel/studio/7.0/toolchain/avr8/avr8-gnu-toolchain/bin/../lib/gcc/avr/5.4.0/avr5\libgcc.a(_copy_data.o)
 .text.libgcc   0x00000000        0x0 c:/program files (x86)/atmel/studio/7.0/toolchain/avr8/avr8-gnu-toolchain/bin/../lib/gcc/avr/5.4.0/avr5\libgcc.a(_copy_data.o)
 .text.libgcc.prologue
                0x00000000        0x0 c:/program files (x86)/atmel/studio/7.0/toolchain/avr8/avr8-gnu-toolchain/bin/../lib/gcc/avr/5.4.0/avr5\libgcc.a(_copy_data.o)
 .text.libgcc.builtins
                0x00000000        0x0 c:/program files (x86)/atmel/studio/7.0/toolchain/avr8/avr8-gnu-toolchain/bin/../lib/gcc/avr/5.4.0/avr5\libgcc.a(_copy_data.o)
 .text.libgcc.fmul
                0x00000000        0x0 c:/program files (x86)/atmel/studio/7.0/toolchain/avr8/avr8-gnu-toolchain/bin/../lib/gcc/avr/5.4.0/avr5\libgcc.a(_copy_data.o)
 .text.libgcc.fixed
                0x00000000        0x0 c:/program files (x86)/atmel/studio/7.0/toolchain/avr8/avr8-gnu-toolchain/bin/../lib/gcc/avr/5.4.0/avr5\libgcc.a(_copy_data.o)
 .text          0x00000000        0x0 c:/program files (x86)/atmel/studio/7.0/toolchain/avr8/avr8-gnu-toolchain/bin/../lib/gcc/avr/5.4.0/avr5\libgcc.a(_clear_bss.o)
 .data          0x00000000        0x0 c:/program files (x86)/atmel/studio/7.0/toolchain/avr8/avr8-gnu-toolchain/bin/../lib/gcc/avr/5.4.0/avr5\libgcc.a(_clear_bss.o)
 .bss           0x00000000        0x0 c:/program files (x86)/atmel/studio/7.0/toolchain/avr8/avr8-gnu-toolchain/bin/../lib/gcc/avr/5.4.0/avr5\libgcc.a(_clear_bss.o)
 .text.libgcc.mul
                0x00000000        0x0 c:/program files (x86)/atmel/studio/7.0/toolchain/avr8/avr8-gnu-toolchain/bin/../lib/gcc/avr/5.4.0/avr5\libgcc.a(_clear_bss.o)
 .text.libgcc.div
                0x00000000        0x0 c:/program files (x86)/atmel/studio/7.0/toolchain/avr8/avr8-gnu-toolchain/bin/../lib/gcc/avr/5.4.0/avr5\libgcc.a(_clear_bss.o)
 .text.libgcc   0x00000000        0x0 c:/program files (x86)/atmel/studio/7.0/toolchain/avr8/avr8-gnu-toolchain/bin/../lib/gcc/avr/5.4.0/avr5\libgcc.a(_clear_bss.o)
 .text.libgcc.prologue
                0x00000000        0x0 c:/program files (x86)/atmel/studio/7.0/toolchain/avr8/avr8-gnu-toolchain/bin/../lib/gcc/avr/5.4.0/avr5\libgcc.a(_clear_bss.o)
 .text.libgcc.builtins
                0x00000000        0x0 c:/program files (x86)/atmel/studio/7.0/toolchain/avr8/avr8-gnu-toolchain/bin/../lib/gcc/avr/5.4.0/avr5\libgcc.a(_clear_bss.o)
 .text.libgcc.fmul
                0x00000000        0x0 c:/program files (x86)/atmel/studio/7.0/toolchain/avr8/avr8-gnu-toolchain/bin/../lib/gcc/avr/5.4.0/avr5\libgcc.a(_clear_bss.o)
 .text.libgcc.fixed
                0x00000000        0x0 c:/program files (x86)/atmel/studio/7.0/toolchain/avr8/avr8-gnu-toolchain/bin/../lib/gcc/avr/5.4.0/avr5\libgcc.a(_clear_bss.o)
 .text          0x00000000        0x0 c:/program files (x86)/atmel/studio/7.0/toolchain/avr8/avr8-gnu-toolchain/bin/../lib/gcc/avr/5.4.0/avr5\libgcc.a(_umulhisi3.o)
 .data          0x00000000        0x0 c:/program files (x86)/atmel/studio/7.0/toolchain/avr8/avr8-gnu-toolchain/bin/../lib/gcc/avr/5.4.0/avr5\libgcc.a(_umulhisi3.o)
 .bss           0x00000000        0x0 c:/program files (x86)/atmel/studio/7.0/toolchain/avr8/avr8-gnu-toolchain/bin/../lib/gcc/avr/5.4.0/avr5\libgcc.a(_umulhisi3.o)
 .text.libgcc.div
                0x00000000        0x0 c:/program files (x86)/atmel/studio/7.0/toolchain/avr8/avr8-gnu-toolchain/bin/../lib/gcc/avr/5.4.0/avr5\libgcc.a(_umulhisi3.o)
 .text.libgcc   0x00000000        0x0 c:/program files (x86)/atmel/studio/7.0/toolchain/avr8/avr8-gnu-toolchain/bin/../lib/gcc/avr/5.4.0/avr5\libgcc.a(_umulhisi3.o)
 .text.libgcc.prologue
                0x00000000        0x0 c:/program files (x86)/atmel/studio/7.0/toolchain/avr8/avr8-gnu-toolchain/bin/../lib/gcc/avr/5.4.0/avr5\libgcc.a(_umulhisi3.o)
 .text.libgcc.builtins
                0x00000000        0x0 c:/program files (x86)/atmel/studio/7.0/toolchain/avr8/avr8-gnu-toolchain/bin/../lib/gcc/avr/5.4.0/avr5\libgcc.a(_umulhisi3.o)
 .text.libgcc.fmul
                0x00000000        0x0 c:/program files (x86)/atmel/studio/7.0/toolchain/avr8/avr8-gnu-toolchain/bin/../lib/gcc/avr/5.4.0/avr5\libgcc.a(_umulhisi3.o)
 .text.libgcc.fixed
                0x00000000        0x0 c:/program files (x86)/atmel/studio/7.0/toolchain/avr8/avr8-gnu-toolchain/bin/../lib/gcc/avr/5.4.0/avr5\libgcc.a(_umulhisi3.o)
 .text          0x00000000        0x0 c:/program files (x86)/atmel/studio/7.0/toolchain/avr8/avr8-gnu-toolchain/bin/../lib/gcc/avr/5.4.0/avr5\libgcc.a(_muluhisi3.o)
 .data          0x00000000        0x0 c:/program files (x86)/atmel/studio/7.0/toolchain/avr8/avr8-gnu-toolchain/bin/../lib/gcc/avr/5.4.0/avr5\libgcc.a(_muluhisi3.o)
 .bss           0x00000000        0x0 c:/program files (x86)/atmel/studio/7.0/toolchain/avr8/avr8-gnu-toolchain/bin/../lib/gcc/avr/5.4.0/avr5\libgcc.a(_muluhisi3.o)
 .text.libgcc.div
                0x00000000        0x0 c:/program files (x86)/atmel/studio/7.0/toolchain/avr8/avr8-gnu-toolchain/bin/../lib/gcc/avr/5.4.0/avr5\libgcc.a(_muluhisi3.o)
 .text.libgcc   0x00000000        0x0 c:/program files (x86)/atmel/studio/7.0/toolchain/avr8/avr8-gnu-toolchain/bin/../lib/gcc/avr/5.4.0/avr5\libgcc.a(_muluhisi3.o)
 .text.libgcc.prologue
                0x00000000        0x0 c:/program files (x86)/atmel/studio/7.0/toolchain/avr8/avr8-gnu-toolchain/bin/../lib/gcc/avr/5.4.0/avr5\libgcc.a(_muluhisi3.o)
 .text.libgcc.builtins
                0x00000000        0x0 c:/program files (x86)/atmel/studio/7.0/toolchain/avr8/avr8-gnu-toolchain/bin/../lib/gcc/avr/5.4.0/avr5\libgcc.a(_muluhisi3.o)
 .text.libgcc.fmul
                0x00000000        0x0 c:/program files (x86)/atmel/studio/7.0/toolchain/avr8/avr8-gnu-toolchain/bin/../lib/gcc/avr/5.4.0/avr5\libgcc.a(_muluhisi3.o)
 .text.libgcc.fixed
                0x00000000        0x0 c:/program files (x86)/atmel/studio/7.0/toolchain/avr8/avr8-gnu-toolchain/bin/../lib/gcc/avr/5.4.0/avr5\libgcc.a(_muluhisi3.o)

Memory Configuration

Name             Origin             Length             Attributes
text             0x00000000         0x00008000         xr
data             0x00800060         0x00000800         rw !x
eeprom           0x00810000         0x00000400         rw !x
fuse             0x00820000         0x00000002         rw !x
lock             0x00830000         0x00000400         rw !x
signature        0x00840000         0x00000400         rw !x
user_signatures  0x00850000         0x00000400         rw !x
*default*        0x00000000         0xffffffff

Linker script and memory map

LOAD C:/Program Files (x86)/Atmel/Studio/7.0/Packs/atmel/ATmega_DFP/1.7.374/gcc/dev/atmega32/avr5/crtatmega32.o
LOAD APP/main.o
LOAD APP/System/System.o
LOAD HAL/Cooler/Cooler.o
LOAD HAL/Down_BTN/Down_BTN.o
LOAD HAL/Heater/Heater.o
LOAD HAL/LED/LED.o
LOAD HAL/LM35/LM35.o
LOAD HAL/SSD/SSD.o
LOAD HAL/UP_BTN/UP_BTN.o
LOAD MCAL/ADC/ADC.o
LOAD MCAL/DIO/DIO.o
LOAD MCAL/EEPROM/EEPROM.o
LOAD MCAL/EXT_INT/EXT_INT.o
LOAD MCAL/Timer2/Timer2.o
LOAD MCAL/Timer0/Timer0.o
START GROUP
LOAD c:/program files (x86)/atmel/studio/7.0/toolchain/avr8/avr8-gnu-toolchain/bin/../lib/gcc/avr/5.4.0/../../../../avr/lib/avr5\libm.a
END GROUP
START GROUP
LOAD c:/program files (x86)/atmel/studio/7.0/toolchain/avr8/avr8-gnu-toolchain/bin/../lib/gcc/avr/5.4.0/avr5\libgcc.a
LOAD c:/program files (x86)/atmel/studio/7.0/toolchain/avr8/avr8-gnu-toolchain/bin/../lib/gcc/avr/5.4.0/../../../../avr/lib/avr5\libm.a
LOAD c:/program files (x86)/atmel/studio/7.0/toolchain/avr8/avr8-gnu-toolchain/bin/../lib/gcc/avr/5.4.0/../../../../avr/lib/avr5\libc.a
LOAD C:/Program Files (x86)/Atmel/Studio/7.0/Packs/atmel/ATmega_DFP/1.7.374/gcc/dev/atmega32/avr5\libatmega32.a
END GROUP
                0x00000000                __TEXT_REGION_ORIGIN__ = DEFINED (__TEXT_REGION_ORIGIN__)?__TEXT_REGION_ORIGIN__:0x0
                [0x00800060]                __DATA_REGION_ORIGIN__ = DEFINED (__DATA_REGION_ORIGIN__)?__DATA_REGION_ORIGIN__:0x800060
                [0x00008000]                __TEXT_REGION_LENGTH__ = DEFINED (__TEXT_REGION_LENGTH__)?__TEXT_REGION_LENGTH__:0x20000
                [0x00000800]                __DATA_REGION_LENGTH__ = DEFINED (__DATA_REGION_LENGTH__)?__DATA_REGION_LENGTH__:0xffa0
                [0x00000400]                __EEPROM_REGION_LENGTH__ = DEFINED (__EEPROM_REGION_LENGTH__)?__EEPROM_REGION_LENGTH__:0x10000
                [0x00000002]                __FUSE_REGION_LENGTH__ = DEFINED (__FUSE_REGION_LENGTH__)?__FUSE_REGION_LENGTH__:0x400
                0x00000400                __LOCK_REGION_LENGTH__ = DEFINED (__LOCK_REGION_LENGTH__)?__LOCK_REGION_LENGTH__:0x400
                0x00000400                __SIGNATURE_REGION_LENGTH__ = DEFINED (__SIGNATURE_REGION_LENGTH__)?__SIGNATURE_REGION_LENGTH__:0x400
                0x00000400                __USER_SIGNATURE_REGION_LENGTH__ = DEFINED (__USER_SIGNATURE_REGION_LENGTH__)?__USER_SIGNATURE_REGION_LENGTH__:0x400

.hash
 *(.hash)

.dynsym
 *(.dynsym)

.dynstr
 *(.dynstr)

.gnu.version
 *(.gnu.version)

.gnu.version_d
 *(.gnu.version_d)

.gnu.version_r
 *(.gnu.version_r)

.rel.init
 *(.rel.init)

.rela.init
 *(.rela.init)

.rel.text
 *(.rel.text)
 *(.rel.text.*)
 *(.rel.gnu.linkonce.t*)

.rela.text
 *(.rela.text)
 *(.rela.text.*)
 *(.rela.gnu.linkonce.t*)

.rel.fini
 *(.rel.fini)

.rela.fini
 *(.rela.fini)

.rel.rodata
 *(.rel.rodata)
 *(.rel.rodata.*)
 *(.rel.gnu.linkonce.r*)

.rela.rodata
 *(.rela.rodata)
 *(.rela.rodata.*)
 *(.rela.gnu.linkonce.r*)

.rel.data
 *(.rel.data)
 *(.rel.data.*)
 *(.rel.gnu.linkonce.d*)

.rela.data
 *(.rela.data)
 *(.rela.data.*)
 *(.rela.gnu.linkonce.d*)

.rel.ctors
 *(.rel.ctors)

.rela.ctors
 *(.rela.ctors)

.rel.dtors
 *(.rel.dtors)

.rela.dtors
 *(.rela.dtors)

.rel.got
 *(.rel.got)

.rela.got
 *(.rela.got)

.rel.bss
 *(.rel.bss)

.rela.bss
 *(.rela.bss)

.rel.plt
 *(.rel.plt)

.rela.plt
 *(.rela.plt)

.text           0x00000000      0xf7a
 *(.vectors)
 .vectors       0x00000000       0x54 C:/Program Files (x86)/Atmel/Studio/7.0/Packs/atmel/ATmega_DFP/1.7.374/gcc/dev/atmega32/avr5/crtatmega32.o
                0x00000000                __vector_default
                0x00000000                __vectors
 *(.vectors)
 *(.progmem.gcc*)
                0x00000054                . = ALIGN (0x2)
                0x00000054                __trampolines_start = .
 *(.trampolines)
 .trampolines   0x00000054        0x0 linker stubs
 *(.trampolines*)
                0x00000054                __trampolines_end = .
 *libprintf_flt.a:*(.progmem.data)
 *libc.a:*(.progmem.data)
 *(.progmem*)
                0x00000054                . = ALIGN (0x2)
 *(.jumptables)
 *(.jumptables*)
 *(.lowtext)
 *(.lowtext*)
                0x00000054                __ctors_start = .
 *(.ctors)
                0x00000054                __ctors_end = .
                0x00000054                __dtors_start = .
 *(.dtors)
                0x00000054                __dtors_end = .
 SORT(*)(.ctors)
 SORT(*)(.dtors)
 *(.init0)
 .init0         0x00000054        0x0 C:/Program Files (x86)/Atmel/Studio/7.0/Packs/atmel/ATmega_DFP/1.7.374/gcc/dev/atmega32/avr5/crtatmega32.o
                0x00000054                __init
 *(.init0)
 *(.init1)
 *(.init1)
 *(.init2)
 .init2         0x00000054        0xc C:/Program Files (x86)/Atmel/Studio/7.0/Packs/atmel/ATmega_DFP/1.7.374/gcc/dev/atmega32/avr5/crtatmega32.o
 *(.init2)
 *(.init3)
 *(.init3)
 *(.init4)
 .init4         0x00000060       0x16 c:/program files (x86)/atmel/studio/7.0/toolchain/avr8/avr8-gnu-toolchain/bin/../lib/gcc/avr/5.4.0/avr5\libgcc.a(_copy_data.o)
                0x00000060                __do_copy_data
 .init4         0x00000076       0x10 c:/program files (x86)/atmel/studio/7.0/toolchain/avr8/avr8-gnu-toolchain/bin/../lib/gcc/avr/5.4.0/avr5\libgcc.a(_clear_bss.o)
                0x00000076                __do_clear_bss
 *(.init4)
 *(.init5)
 *(.init5)
 *(.init6)
 *(.init6)
 *(.init7)
 *(.init7)
 *(.init8)
 *(.init8)
 *(.init9)
 .init9         0x00000086        0x8 C:/Program Files (x86)/Atmel/Studio/7.0/Packs/atmel/ATmega_DFP/1.7.374/gcc/dev/atmega32/avr5/crtatmega32.o
 *(.init9)
 *(.text)
 .text          0x0000008e        0x4 C:/Program Files (x86)/Atmel/Studio/7.0/Packs/atmel/ATmega_DFP/1.7.374/gcc/dev/atmega32/avr5/crtatmega32.o
                0x0000008e                __vector_12
                0x0000008e                __bad_interrupt
                0x0000008e                __vector_6
                0x0000008e                __vector_3
                0x0000008e                __vector_11
                0x0000008e                __vector_13
                0x0000008e                __vector_17
                0x0000008e                __vector_19
                0x0000008e                __vector_7
                0x0000008e                __vector_5
                0x0000008e                __vector_9
                0x0000008e                __vector_2
                0x0000008e                __vector_15
                0x0000008e                __vector_8
                0x0000008e                __vector_14
                0x0000008e                __vector_16
                0x0000008e                __vector_18
                0x0000008e                __vector_20
                0x00000092                . = ALIGN (0x2)
 *(.text.*)
 .text.A_Timer0_Excution
                0x00000092        0x8 APP/main.o
                0x00000092                A_Timer0_Excution
 .text.A_Timer2_Excution
                0x0000009a       0x3a APP/main.o
                0x0000009a                A_Timer2_Excution
 .text.A_ExtInt_Excution
                0x000000d4       0x1c APP/main.o
                0x000000d4                A_ExtInt_Excution
 .text.main     0x000000f0       0x5e APP/main.o
                0x000000f0                main
 .text.A_System_Setting
                0x0000014e       0x88 APP/System/System.o
                0x0000014e                A_System_Setting
 .text.A_Change_Temp
                0x000001d6       0x72 APP/System/System.o
                0x000001d6                A_Change_Temp
 .text.A_Add_New_Temp
                0x00000248       0x36 APP/System/System.o
                0x00000248                A_Add_New_Temp
 .text.A_Calc_Avg_Temp
                0x0000027e       0x3a APP/System/System.o
                0x0000027e                A_Calc_Avg_Temp
 .text.A_System_ON
                0x000002b8       0x5e APP/System/System.o
                0x000002b8                A_System_ON
 .text.A_Temp_Arr_Init
                0x00000316       0x3a APP/System/System.o
                0x00000316                A_Temp_Arr_Init
 .text.A_System_Init
                0x00000350       0x76 APP/System/System.o
                0x00000350                A_System_Init
 .text.A_Go_To_Sleep
                0x000003c6       0x1a APP/System/System.o
                0x000003c6                A_Go_To_Sleep
 .text.A_System_OFF
                0x000003e0       0x16 APP/System/System.o
                0x000003e0                A_System_OFF
 .text.H_Cooler_Init
                0x000003f6        0xc HAL/Cooler/Cooler.o
                0x000003f6                H_Cooler_Init
 .text.H_Cooler_Start
                0x00000402        0xc HAL/Cooler/Cooler.o
                0x00000402                H_Cooler_Start
 .text.H_Cooler_Stop
                0x0000040e        0xc HAL/Cooler/Cooler.o
                0x0000040e                H_Cooler_Stop
 .text.H_Down_BTN_Init
                0x0000041a        0xc HAL/Down_BTN/Down_BTN.o
                0x0000041a                H_Down_BTN_Init
 .text.H_Down_BTN_Read
                0x00000426       0x3c HAL/Down_BTN/Down_BTN.o
                0x00000426                H_Down_BTN_Read
 .text.H_HEATER_Init
                0x00000462        0xc HAL/Heater/Heater.o
                0x00000462                H_HEATER_Init
 .text.H_HEATER_Start
                0x0000046e        0xc HAL/Heater/Heater.o
                0x0000046e                H_HEATER_Start
 .text.H_HEATER_Stop
                0x0000047a        0xc HAL/Heater/Heater.o
                0x0000047a                H_HEATER_Stop
 .text.H_LED_Init
                0x00000486        0xc HAL/LED/LED.o
                0x00000486                H_LED_Init
 .text.H_LED_ON
                0x00000492        0xc HAL/LED/LED.o
                0x00000492                H_LED_ON
 .text.H_LED_OFF
                0x0000049e        0xc HAL/LED/LED.o
                0x0000049e                H_LED_OFF
 .text.H_LM35_Init
                0x000004aa        0x6 HAL/LM35/LM35.o
                0x000004aa                H_LM35_Init
 .text.H_LM35_Read
                0x000004b0       0x2e HAL/LM35/LM35.o
                0x000004b0                H_LM35_Read
 .text.H_SSD_Send_Number
                0x000004de        0xe HAL/SSD/SSD.o
 .text.H_SSD_Enable
                0x000004ec       0x32 HAL/SSD/SSD.o
                0x000004ec                H_SSD_Enable
 .text.H_SSD_Disable
                0x0000051e       0x16 HAL/SSD/SSD.o
                0x0000051e                H_SSD_Disable
 .text.H_SSD_Init
                0x00000534       0x1e HAL/SSD/SSD.o
                0x00000534                H_SSD_Init
 .text.H_SSD_Turn_off
                0x00000552        0x4 HAL/SSD/SSD.o
                0x00000552                H_SSD_Turn_off
 .text.H_SSD_Write_Number
                0x00000556       0x6c HAL/SSD/SSD.o
                0x00000556                H_SSD_Write_Number
 .text.H_UP_BTN_Init
                0x000005c2        0xc HAL/UP_BTN/UP_BTN.o
                0x000005c2                H_UP_BTN_Init
 .text.H_UP_BTN_Read
                0x000005ce       0x3c HAL/UP_BTN/UP_BTN.o
                0x000005ce                H_UP_BTN_Read
 .text.M_ADC_Init
                0x0000060a       0x32 MCAL/ADC/ADC.o
                0x0000060a                M_ADC_Init
 .text.M_ADC_ReadValue
                0x0000063c       0x36 MCAL/ADC/ADC.o
                0x0000063c                M_ADC_ReadValue
 .text.M_Dio_SetPin_Direction
                0x00000672       0xe2 MCAL/DIO/DIO.o
                0x00000672                M_Dio_SetPin_Direction
 .text.M_Dio_SetPin_State
                0x00000754       0xe2 MCAL/DIO/DIO.o
                0x00000754                M_Dio_SetPin_State
 .text.M_Dio_ReadPin_State
                0x00000836       0x5c MCAL/DIO/DIO.o
                0x00000836                M_Dio_ReadPin_State
 .text.M_EEPROM_Write
                0x00000892       0x18 MCAL/EEPROM/EEPROM.o
                0x00000892                M_EEPROM_Write
 .text.M_EEPROM_Read
                0x000008aa       0x12 MCAL/EEPROM/EEPROM.o
                0x000008aa                M_EEPROM_Read
 .text.M_ExtInt_INT0_Init
                0x000008bc       0x16 MCAL/EXT_INT/EXT_INT.o
                0x000008bc                M_ExtInt_INT0_Init
 .text.M_ExtInt_Set_CallBack
                0x000008d2        0xa MCAL/EXT_INT/EXT_INT.o
                0x000008d2                M_ExtInt_Set_CallBack
 .text.__vector_1
                0x000008dc       0x4e MCAL/EXT_INT/EXT_INT.o
                0x000008dc                __vector_1
 .text.M_Timer2_Init
                0x0000092a       0x16 MCAL/Timer2/Timer2.o
                0x0000092a                M_Timer2_Init
 .text.M_Timer2_SetTime
                0x00000940       0x7c MCAL/Timer2/Timer2.o
                0x00000940                M_Timer2_SetTime
 .text.M_Timer2_Start
                0x000009bc       0x14 MCAL/Timer2/Timer2.o
                0x000009bc                M_Timer2_Start
 .text.M_Timer2_Set_CallBack
                0x000009d0        0xa MCAL/Timer2/Timer2.o
                0x000009d0                M_Timer2_Set_CallBack
 .text.__vector_4
                0x000009da       0x9e MCAL/Timer2/Timer2.o
                0x000009da                __vector_4
 .text.M_Timer0_Init
                0x00000a78       0x16 MCAL/Timer0/Timer0.o
                0x00000a78                M_Timer0_Init
 .text.M_Timer0_SetTime
                0x00000a8e       0x7c MCAL/Timer0/Timer0.o
                0x00000a8e                M_Timer0_SetTime
 .text.M_Timer0_Start
                0x00000b0a       0x14 MCAL/Timer0/Timer0.o
                0x00000b0a                M_Timer0_Start
 .text.M_Timer0_Set_CallBack
                0x00000b1e        0xa MCAL/Timer0/Timer0.o
                0x00000b1e                M_Timer0_Set_CallBack
 .text.__vector_10
                0x00000b28       0x9e MCAL/Timer0/Timer0.o
                0x00000b28                __vector_10
 .text.avr-libc.fplib
                0x00000bc6        0x8 c:/program files (x86)/atmel/studio/7.0/toolchain/avr8/avr8-gnu-toolchain/bin/../lib/gcc/avr/5.4.0/../../../../avr/lib/avr5\libm.a(divsf3.o)
                0x00000bc6                __divsf3
 .text.avr-libc.fplib
                0x00000bce       0xdc c:/program files (x86)/atmel/studio/7.0/toolchain/avr8/avr8-gnu-toolchain/bin/../lib/gcc/avr/5.4.0/../../../../avr/lib/avr5\libm.a(divsf3x.o)
                0x00000bee                __divsf3x
                0x00000bf4                __divsf3_pse
 .text.avr-libc.fplib
                0x00000caa       0x5e c:/program files (x86)/atmel/studio/7.0/toolchain/avr8/avr8-gnu-toolchain/bin/../lib/gcc/avr/5.4.0/../../../../avr/lib/avr5\libm.a(fixunssfsi.o)
                0x00000caa                __fixunssfsi
 .text.avr-libc.fplib
                0x00000d08       0x7a c:/program files (x86)/atmel/studio/7.0/toolchain/avr8/avr8-gnu-toolchain/bin/../lib/gcc/avr/5.4.0/../../../../avr/lib/avr5\libm.a(floatsisf.o)
                0x00000d08                __floatunsisf
                0x00000d0c                __floatsisf
 .text.avr-libc.fplib
                0x00000d82        0xc c:/program files (x86)/atmel/studio/7.0/toolchain/avr8/avr8-gnu-toolchain/bin/../lib/gcc/avr/5.4.0/../../../../avr/lib/avr5\libm.a(fp_inf.o)
                0x00000d82                __fp_inf
 .text.avr-libc.fplib
                0x00000d8e        0x6 c:/program files (x86)/atmel/studio/7.0/toolchain/avr8/avr8-gnu-toolchain/bin/../lib/gcc/avr/5.4.0/../../../../avr/lib/avr5\libm.a(fp_nan.o)
                0x00000d8e                __fp_nan
 .text.avr-libc.fplib
                0x00000d94        0xe c:/program files (x86)/atmel/studio/7.0/toolchain/avr8/avr8-gnu-toolchain/bin/../lib/gcc/avr/5.4.0/../../../../avr/lib/avr5\libm.a(fp_pscA.o)
                0x00000d94                __fp_pscA
 .text.avr-libc.fplib
                0x00000da2        0xe c:/program files (x86)/atmel/studio/7.0/toolchain/avr8/avr8-gnu-toolchain/bin/../lib/gcc/avr/5.4.0/../../../../avr/lib/avr5\libm.a(fp_pscB.o)
                0x00000da2                __fp_pscB
 .text.avr-libc.fplib
                0x00000db0       0x22 c:/program files (x86)/atmel/studio/7.0/toolchain/avr8/avr8-gnu-toolchain/bin/../lib/gcc/avr/5.4.0/../../../../avr/lib/avr5\libm.a(fp_round.o)
                0x00000db0                __fp_round
 .text.avr-libc.fplib
                0x00000dd2       0x44 c:/program files (x86)/atmel/studio/7.0/toolchain/avr8/avr8-gnu-toolchain/bin/../lib/gcc/avr/5.4.0/../../../../avr/lib/avr5\libm.a(fp_split3.o)
                0x00000dd2                __fp_split3
                0x00000de2                __fp_splitA
 .text.avr-libc.fplib
                0x00000e16        0xe c:/program files (x86)/atmel/studio/7.0/toolchain/avr8/avr8-gnu-toolchain/bin/../lib/gcc/avr/5.4.0/../../../../avr/lib/avr5\libm.a(fp_zero.o)
                0x00000e16                __fp_zero
                0x00000e18                __fp_szero
 .text.avr-libc.fplib
                0x00000e24        0x8 c:/program files (x86)/atmel/studio/7.0/toolchain/avr8/avr8-gnu-toolchain/bin/../lib/gcc/avr/5.4.0/../../../../avr/lib/avr5\libm.a(mulsf3.o)
                0x00000e24                __mulsf3
 .text.avr-libc.fplib
                0x00000e2c       0xd2 c:/program files (x86)/atmel/studio/7.0/toolchain/avr8/avr8-gnu-toolchain/bin/../lib/gcc/avr/5.4.0/../../../../avr/lib/avr5\libm.a(mulsf3x.o)
                0x00000e4a                __mulsf3x
                0x00000e50                __mulsf3_pse
 .text.libgcc.div
                0x00000efe       0x44 c:/program files (x86)/atmel/studio/7.0/toolchain/avr8/avr8-gnu-toolchain/bin/../lib/gcc/avr/5.4.0/avr5\libgcc.a(_udivmodsi4.o)
                0x00000efe                __udivmodsi4
 .text.libgcc.mul
                0x00000f42       0x1e c:/program files (x86)/atmel/studio/7.0/toolchain/avr8/avr8-gnu-toolchain/bin/../lib/gcc/avr/5.4.0/avr5\libgcc.a(_umulhisi3.o)
                0x00000f42                __umulhisi3
 .text.libgcc.mul
                0x00000f60       0x16 c:/program files (x86)/atmel/studio/7.0/toolchain/avr8/avr8-gnu-toolchain/bin/../lib/gcc/avr/5.4.0/avr5\libgcc.a(_muluhisi3.o)
                0x00000f60                __muluhisi3
                0x00000f76                . = ALIGN (0x2)
 *(.fini9)
 .fini9         0x00000f76        0x0 c:/program files (x86)/atmel/studio/7.0/toolchain/avr8/avr8-gnu-toolchain/bin/../lib/gcc/avr/5.4.0/avr5\libgcc.a(_exit.o)
                0x00000f76                _exit
                0x00000f76                exit
 *(.fini9)
 *(.fini8)
 *(.fini8)
 *(.fini7)
 *(.fini7)
 *(.fini6)
 *(.fini6)
 *(.fini5)
 *(.fini5)
 *(.fini4)
 *(.fini4)
 *(.fini3)
 *(.fini3)
 *(.fini2)
 *(.fini2)
 *(.fini1)
 *(.fini1)
 *(.fini0)
 .fini0         0x00000f76        0x4 c:/program files (x86)/atmel/studio/7.0/toolchain/avr8/avr8-gnu-toolchain/bin/../lib/gcc/avr/5.4.0/avr5\libgcc.a(_exit.o)
 *(.fini0)
                0x00000f7a                _etext = .

.data           0x00800060        0xa load address 0x00000f7a
                0x00800060                PROVIDE (__data_start, .)
 *(.data)
 *(.data*)
 .data.Nums     0x00800060        0xa HAL/SSD/SSD.o
                0x00800060                Nums
 *(.gnu.linkonce.d*)
 *(.rodata)
 *(.rodata*)
 *(.gnu.linkonce.r*)
                0x0080006a                . = ALIGN (0x2)
                0x0080006a                _edata = .
                0x0080006a                PROVIDE (__data_end, .)

.bss            0x0080006a       0x38
                0x0080006a                PROVIDE (__bss_start, .)
 *(.bss)
 *(.bss*)
 .bss.Local_u32_counter.1778
                0x0080006a        0x4 MCAL/Timer2/Timer2.o
 .bss.Global_u32_Timer2_NumOfCompareMatch
                0x0080006e        0x4 MCAL/Timer2/Timer2.o
                0x0080006e                Global_u32_Timer2_NumOfCompareMatch
 .bss.Local_u32_counter.1778
                0x00800072        0x4 MCAL/Timer0/Timer0.o
 .bss.Global_u32_Timer0_NumOfCompareMatch
                0x00800076        0x4 MCAL/Timer0/Timer0.o
                0x00800076                Global_u32_Timer0_NumOfCompareMatch
 *(COMMON)
 COMMON         0x0080007a        0x7 APP/main.o
                0x0080007a                Toggle_Flag
                0x0080007c                Temp_Measure_Flag
                0x0080007d                Current_state
                0x0080007e                Setting_Count
                0x0080007f                Desired_Temp
 COMMON         0x00800081       0x1b APP/System/System.o
                0x00800081                Avg_Temp
                0x00800083                Temp_arr
                0x00800097                Array_count
                0x00800099                Temp_Measure_Count
                0x0080009a                Actual_Temp
 COMMON         0x0080009c        0x2 MCAL/EXT_INT/EXT_INT.o
                0x0080009c                CallBack
 COMMON         0x0080009e        0x2 MCAL/Timer2/Timer2.o
                0x0080009e                CallBack_Timer2
 COMMON         0x008000a0        0x2 MCAL/Timer0/Timer0.o
                0x008000a0                CallBack_Timer0
                0x008000a2                PROVIDE (__bss_end, .)
                0x00000f7a                __data_load_start = LOADADDR (.data)
                0x00000f84                __data_load_end = (__data_load_start + SIZEOF (.data))

.noinit         0x008000a2        0x0
                [!provide]                PROVIDE (__noinit_start, .)
 *(.noinit*)
                [!provide]                PROVIDE (__noinit_end, .)
                0x008000a2                _end = .
                [!provide]                PROVIDE (__heap_start, .)

.eeprom         0x00810000        0x0
 *(.eeprom*)
                0x00810000                __eeprom_end = .

.fuse
 *(.fuse)
 *(.lfuse)
 *(.hfuse)
 *(.efuse)

.lock
 *(.lock*)

.signature
 *(.signature*)

.user_signatures
 *(.user_signatures*)

.stab
 *(.stab)

.stabstr
 *(.stabstr)

.stab.excl
 *(.stab.excl)

.stab.exclstr
 *(.stab.exclstr)

.stab.index
 *(.stab.index)

.stab.indexstr
 *(.stab.indexstr)

.comment        0x00000000       0x30
 *(.comment)
 .comment       0x00000000       0x30 APP/main.o
                                 0x31 (size before relaxing)
 .comment       0x00000030       0x31 APP/System/System.o
 .comment       0x00000030       0x31 HAL/Cooler/Cooler.o
 .comment       0x00000030       0x31 HAL/Down_BTN/Down_BTN.o
 .comment       0x00000030       0x31 HAL/Heater/Heater.o
 .comment       0x00000030       0x31 HAL/LED/LED.o
 .comment       0x00000030       0x31 HAL/LM35/LM35.o
 .comment       0x00000030       0x31 HAL/SSD/SSD.o
 .comment       0x00000030       0x31 HAL/UP_BTN/UP_BTN.o
 .comment       0x00000030       0x31 MCAL/ADC/ADC.o
 .comment       0x00000030       0x31 MCAL/DIO/DIO.o
 .comment       0x00000030       0x31 MCAL/EEPROM/EEPROM.o
 .comment       0x00000030       0x31 MCAL/EXT_INT/EXT_INT.o
 .comment       0x00000030       0x31 MCAL/Timer2/Timer2.o
 .comment       0x00000030       0x31 MCAL/Timer0/Timer0.o

.note.gnu.avr.deviceinfo
                0x00000000       0x3c
 .note.gnu.avr.deviceinfo
                0x00000000       0x3c C:/Program Files (x86)/Atmel/Studio/7.0/Packs/atmel/ATmega_DFP/1.7.374/gcc/dev/atmega32/avr5/crtatmega32.o

.note.gnu.build-id
 *(.note.gnu.build-id)

.debug
 *(.debug)

.line
 *(.line)

.debug_srcinfo
 *(.debug_srcinfo)

.debug_sfnames
 *(.debug_sfnames)

.debug_aranges  0x00000000      0x378
 *(.debug_aranges)
 .debug_aranges
                0x00000000       0x38 APP/main.o
 .debug_aranges
                0x00000038       0x60 APP/System/System.o
 .debug_aranges
                0x00000098       0x30 HAL/Cooler/Cooler.o
 .debug_aranges
                0x000000c8       0x28 HAL/Down_BTN/Down_BTN.o
 .debug_aranges
                0x000000f0       0x30 HAL/Heater/Heater.o
 .debug_aranges
                0x00000120       0x48 HAL/LED/LED.o
 .debug_aranges
                0x00000168       0x28 HAL/LM35/LM35.o
 .debug_aranges
                0x00000190       0x48 HAL/SSD/SSD.o
 .debug_aranges
                0x000001d8       0x28 HAL/UP_BTN/UP_BTN.o
 .debug_aranges
                0x00000200       0x28 MCAL/ADC/ADC.o
 .debug_aranges
                0x00000228       0x68 MCAL/DIO/DIO.o
 .debug_aranges
                0x00000290       0x28 MCAL/EEPROM/EEPROM.o
 .debug_aranges
                0x000002b8       0x30 MCAL/EXT_INT/EXT_INT.o
 .debug_aranges
                0x000002e8       0x48 MCAL/Timer2/Timer2.o
 .debug_aranges
                0x00000330       0x48 MCAL/Timer0/Timer0.o

.debug_pubnames
 *(.debug_pubnames)

.debug_info     0x00000000     0x2968
 *(.debug_info .gnu.linkonce.wi.*)
 .debug_info    0x00000000      0x4e6 C:/Program Files (x86)/Atmel/Studio/7.0/Packs/atmel/ATmega_DFP/1.7.374/gcc/dev/atmega32/avr5/crtatmega32.o
 .debug_info    0x000004e6      0x2a7 APP/main.o
 .debug_info    0x0000078d      0x64c APP/System/System.o
 .debug_info    0x00000dd9      0x1c8 HAL/Cooler/Cooler.o
 .debug_info    0x00000fa1      0x240 HAL/Down_BTN/Down_BTN.o
 .debug_info    0x000011e1      0x1c8 HAL/Heater/Heater.o
 .debug_info    0x000013a9      0x314 HAL/LED/LED.o
 .debug_info    0x000016bd      0x144 HAL/LM35/LM35.o
 .debug_info    0x00001801      0x456 HAL/SSD/SSD.o
 .debug_info    0x00001c57      0x240 HAL/UP_BTN/UP_BTN.o
 .debug_info    0x00001e97      0x16a MCAL/ADC/ADC.o
 .debug_info    0x00002001      0x393 MCAL/DIO/DIO.o
 .debug_info    0x00002394      0x11c MCAL/EEPROM/EEPROM.o
 .debug_info    0x000024b0       0xfc MCAL/EXT_INT/EXT_INT.o
 .debug_info    0x000025ac      0x1de MCAL/Timer2/Timer2.o
 .debug_info    0x0000278a      0x1de MCAL/Timer0/Timer0.o

.debug_abbrev   0x00000000     0x134f
 *(.debug_abbrev)
 .debug_abbrev  0x00000000      0x4a3 C:/Program Files (x86)/Atmel/Studio/7.0/Packs/atmel/ATmega_DFP/1.7.374/gcc/dev/atmega32/avr5/crtatmega32.o
 .debug_abbrev  0x000004a3       0xb7 APP/main.o
 .debug_abbrev  0x0000055a      0x15e APP/System/System.o
 .debug_abbrev  0x000006b8       0x87 HAL/Cooler/Cooler.o
 .debug_abbrev  0x0000073f      0x141 HAL/Down_BTN/Down_BTN.o
 .debug_abbrev  0x00000880       0x87 HAL/Heater/Heater.o
 .debug_abbrev  0x00000907      0x107 HAL/LED/LED.o
 .debug_abbrev  0x00000a0e       0xc1 HAL/LM35/LM35.o
 .debug_abbrev  0x00000acf      0x1ac HAL/SSD/SSD.o
 .debug_abbrev  0x00000c7b      0x141 HAL/UP_BTN/UP_BTN.o
 .debug_abbrev  0x00000dbc      0x105 MCAL/ADC/ADC.o
 .debug_abbrev  0x00000ec1      0x122 MCAL/DIO/DIO.o
 .debug_abbrev  0x00000fe3       0x89 MCAL/EEPROM/EEPROM.o
 .debug_abbrev  0x0000106c       0xb3 MCAL/EXT_INT/EXT_INT.o
 .debug_abbrev  0x0000111f      0x118 MCAL/Timer2/Timer2.o
 .debug_abbrev  0x00001237      0x118 MCAL/Timer0/Timer0.o

.debug_line     0x00000000     0x1baf
 *(.debug_line .debug_line.* .debug_line_end)
 .debug_line    0x00000000      0x116 C:/Program Files (x86)/Atmel/Studio/7.0/Packs/atmel/ATmega_DFP/1.7.374/gcc/dev/atmega32/avr5/crtatmega32.o
 .debug_line    0x00000116      0x190 APP/main.o
 .debug_line    0x000002a6      0x4a5 APP/System/System.o
 .debug_line    0x0000074b       0x9b HAL/Cooler/Cooler.o
 .debug_line    0x000007e6      0x19a HAL/Down_BTN/Down_BTN.o
 .debug_line    0x00000980       0x9b HAL/Heater/Heater.o
 .debug_line    0x00000a1b      0x1c3 HAL/LED/LED.o
 .debug_line    0x00000bde       0x9e HAL/LM35/LM35.o
 .debug_line    0x00000c7c      0x260 HAL/SSD/SSD.o
 .debug_line    0x00000edc      0x196 HAL/UP_BTN/UP_BTN.o
 .debug_line    0x00001072      0x190 MCAL/ADC/ADC.o
 .debug_line    0x00001202      0x458 MCAL/DIO/DIO.o
 .debug_line    0x0000165a      0x116 MCAL/EEPROM/EEPROM.o
 .debug_line    0x00001770       0xf3 MCAL/EXT_INT/EXT_INT.o
 .debug_line    0x00001863      0x1a6 MCAL/Timer2/Timer2.o
 .debug_line    0x00001a09      0x1a6 MCAL/Timer0/Timer0.o

.debug_frame    0x00000000      0x694
 *(.debug_frame)
 .debug_frame   0x00000000       0x54 APP/main.o
 .debug_frame   0x00000054       0xa4 APP/System/System.o
 .debug_frame   0x000000f8       0x44 HAL/Cooler/Cooler.o
 .debug_frame   0x0000013c       0x34 HAL/Down_BTN/Down_BTN.o
 .debug_frame   0x00000170       0x44 HAL/Heater/Heater.o
 .debug_frame   0x000001b4       0x74 HAL/LED/LED.o
 .debug_frame   0x00000228       0x34 HAL/LM35/LM35.o
 .debug_frame   0x0000025c       0x84 HAL/SSD/SSD.o
 .debug_frame   0x000002e0       0x34 HAL/UP_BTN/UP_BTN.o
 .debug_frame   0x00000314       0x34 MCAL/ADC/ADC.o
 .debug_frame   0x00000348       0xb4 MCAL/DIO/DIO.o
 .debug_frame   0x000003fc       0x34 MCAL/EEPROM/EEPROM.o
 .debug_frame   0x00000430       0x8c MCAL/EXT_INT/EXT_INT.o
 .debug_frame   0x000004bc       0xec MCAL/Timer2/Timer2.o
 .debug_frame   0x000005a8       0xec MCAL/Timer0/Timer0.o

.debug_str      0x00000000      0xc22
 *(.debug_str)
 .debug_str     0x00000000      0x196 C:/Program Files (x86)/Atmel/Studio/7.0/Packs/atmel/ATmega_DFP/1.7.374/gcc/dev/atmega32/avr5/crtatmega32.o
 .debug_str     0x00000196      0x295 APP/main.o
                                0x2c9 (size before relaxing)
 .debug_str     0x0000042b      0x1fb APP/System/System.o
                                0x402 (size before relaxing)
 .debug_str     0x00000626       0xd7 HAL/Cooler/Cooler.o
                                0x281 (size before relaxing)
 .debug_str     0x000006fd       0x80 HAL/Down_BTN/Down_BTN.o
                                0x2bb (size before relaxing)
 .debug_str     0x0000077d       0x17 HAL/Heater/Heater.o
                                0x281 (size before relaxing)
 .debug_str     0x00000794       0x55 HAL/LED/LED.o
                                0x2f6 (size before relaxing)
 .debug_str     0x000007e9       0x62 HAL/LM35/LM35.o
                                0x1f9 (size before relaxing)
 .debug_str     0x0000084b       0x7a HAL/SSD/SSD.o
                                0x33b (size before relaxing)
 .debug_str     0x000008c5       0x17 HAL/UP_BTN/UP_BTN.o
                                0x2b3 (size before relaxing)
 .debug_str     0x000008dc       0x4a MCAL/ADC/ADC.o
                                0x221 (size before relaxing)
 .debug_str     0x00000926       0xd0 MCAL/DIO/DIO.o
                                0x347 (size before relaxing)
 .debug_str     0x000009f6       0x52 MCAL/EEPROM/EEPROM.o
                                0x1f6 (size before relaxing)
 .debug_str     0x00000a48       0x25 MCAL/EXT_INT/EXT_INT.o
                                0x1de (size before relaxing)
 .debug_str     0x00000a6d      0x10e MCAL/Timer2/Timer2.o
                                0x2d9 (size before relaxing)
 .debug_str     0x00000b7b       0xa7 MCAL/Timer0/Timer0.o
                                0x2da (size before relaxing)

.debug_loc      0x00000000      0xfe1
 *(.debug_loc)
 .debug_loc     0x00000000       0xe5 APP/System/System.o
 .debug_loc     0x000000e5       0x65 HAL/Down_BTN/Down_BTN.o
 .debug_loc     0x0000014a       0x90 HAL/LED/LED.o
 .debug_loc     0x000001da       0x5d HAL/LM35/LM35.o
 .debug_loc     0x00000237      0x1d1 HAL/SSD/SSD.o
 .debug_loc     0x00000408       0x65 HAL/UP_BTN/UP_BTN.o
 .debug_loc     0x0000046d       0x61 MCAL/ADC/ADC.o
 .debug_loc     0x000004ce      0x628 MCAL/DIO/DIO.o
 .debug_loc     0x00000af6       0xcb MCAL/EXT_INT/EXT_INT.o
 .debug_loc     0x00000bc1      0x210 MCAL/Timer2/Timer2.o
 .debug_loc     0x00000dd1      0x210 MCAL/Timer0/Timer0.o

.debug_macinfo
 *(.debug_macinfo)

.debug_weaknames
 *(.debug_weaknames)

.debug_funcnames
 *(.debug_funcnames)

.debug_typenames
 *(.debug_typenames)

.debug_varnames
 *(.debug_varnames)

.debug_pubtypes
 *(.debug_pubtypes)

.debug_ranges   0x00000000      0x2a0
 *(.debug_ranges)
 .debug_ranges  0x00000000       0x28 APP/main.o
 .debug_ranges  0x00000028       0x68 APP/System/System.o
 .debug_ranges  0x00000090       0x20 HAL/Cooler/Cooler.o
 .debug_ranges  0x000000b0       0x18 HAL/Down_BTN/Down_BTN.o
 .debug_ranges  0x000000c8       0x20 HAL/Heater/Heater.o
 .debug_ranges  0x000000e8       0x38 HAL/LED/LED.o
 .debug_ranges  0x00000120       0x18 HAL/LM35/LM35.o
 .debug_ranges  0x00000138       0x38 HAL/SSD/SSD.o
 .debug_ranges  0x00000170       0x18 HAL/UP_BTN/UP_BTN.o
 .debug_ranges  0x00000188       0x18 MCAL/ADC/ADC.o
 .debug_ranges  0x000001a0       0x58 MCAL/DIO/DIO.o
 .debug_ranges  0x000001f8       0x18 MCAL/EEPROM/EEPROM.o
 .debug_ranges  0x00000210       0x20 MCAL/EXT_INT/EXT_INT.o
 .debug_ranges  0x00000230       0x38 MCAL/Timer2/Timer2.o
 .debug_ranges  0x00000268       0x38 MCAL/Timer0/Timer0.o

.debug_macro
 *(.debug_macro)
OUTPUT(Electric_Water_Heater.elf elf32-avr)
LOAD linker stubs
